// Jest Snapshot v1, https://goo.gl/fbAQLP

exports[`getData Корректое значение 1`] = `
Array [
  "1",
  "2",
]
`;
